============================= test session starts =============================
platform win32 -- Python 3.12.9, pytest-9.0.2, pluggy-1.6.0 -- D:\github\BCor\.venv\Scripts\python.exe
cachedir: .pytest_cache
PySide6 6.10.2 -- Qt runtime 6.10.2 -- Qt compiled 6.10.2
rootdir: D:\github\BCor
configfile: pyproject.toml
plugins: anyio-4.12.1, asyncio-1.3.0, qt-4.5.0, returns-0.26.0
asyncio: mode=Mode.STRICT, debug=False, asyncio_default_fixture_loop_scope=None, asyncio_default_test_loop_scope=function
collecting ... collected 1 item

2026-03-23 13:26:22.073 | INFO     | src.core.system:start:179 - System starting...
2026-03-23 13:26:22.073 | INFO     | src.core.system:start:183 - System started
2026-03-23 13:26:22.824 | INFO     | src.apps.experemental.imgededupe.ui.scan_setup:on_start:133 - Starting scan with Engine: phash, Threshold: 5
2026-03-23 13:26:22.925 | INFO     | src.core.messagebus:command_wrapper:91 - Handling command StartScanCommand: ?\u25b6 StartScanCommand#d8ed \U0001f3c3
2026-03-23 13:26:22.927 | INFO     | src.apps.experemental.imgededupe.application.handlers:handle_start_scan:52 - Starting scan in ['C:\\Users\\User\\AppData\\Local\\Temp\\pytest-of-User\\pytest-28\\test_complete_e2e_flow0\\images']
2026-03-23 13:26:22.930 | INFO     | src.core.messagebus:event_wrapper:150 - Handling event ScanStarted with handle_scan_started_ui
2026-03-23 13:26:22.951 | INFO     | src.apps.experemental.imgededupe.core.scanner:scan:21 - Scanner: Starting scan in ['C:\\Users\\User\\AppData\\Local\\Temp\\pytest-of-User\\pytest-28\\test_complete_e2e_flow0\\images']
2026-03-23 13:26:22.952 | INFO     | src.apps.experemental.imgededupe.core.scanner:scan:36 - Scanner: Found 5 files. Starting indexing...
2026-03-23 13:26:22.952 | INFO     | src.apps.experemental.imgededupe.core.engines.phash:index_files:47 - PHashEngine: Checking 5 files against DB...
2026-03-23 13:26:22.954 | INFO     | src.apps.experemental.imgededupe.core.engines.phash:index_files:72 - PHashEngine: Hashing 5 new files (Synchronous mode for debug)...
2026-03-23 13:26:23.886 | INFO     | src.apps.experemental.imgededupe.core.engines.phash:index_files:79 - Hashed C:\Users\User\AppData\Local\Temp\pytest-of-User\pytest-28\test_complete_e2e_flow0\images\img1.png: e0e0e0e01f1f1f1f
2026-03-23 13:26:23.899 | INFO     | src.apps.experemental.imgededupe.core.engines.phash:index_files:79 - Hashed C:\Users\User\AppData\Local\Temp\pytest-of-User\pytest-28\test_complete_e2e_flow0\images\img1_dup.png: e0e0e0e01f1f1f1f
2026-03-23 13:26:23.928 | INFO     | src.apps.experemental.imgededupe.core.engines.phash:index_files:79 - Hashed C:\Users\User\AppData\Local\Temp\pytest-of-User\pytest-28\test_complete_e2e_flow0\images\img2.png: c0c0c0c03f3f3f3f
2026-03-23 13:26:23.956 | INFO     | src.apps.experemental.imgededupe.core.engines.phash:index_files:79 - Hashed C:\Users\User\AppData\Local\Temp\pytest-of-User\pytest-28\test_complete_e2e_flow0\images\img2_sim.png: c0c0c0c03f3f3f3f
2026-03-23 13:26:23.974 | INFO     | src.apps.experemental.imgededupe.core.engines.phash:index_files:79 - Hashed C:\Users\User\AppData\Local\Temp\pytest-of-User\pytest-28\test_complete_e2e_flow0\images\unique.png: e0e0e0e01f1f1f1f
2026-03-23 13:26:23.989 | INFO     | src.apps.experemental.imgededupe.application.handlers:handle_start_scan:58 - Scan finished. Processed 5 files.
2026-03-23 13:26:23.991 | INFO     | src.core.messagebus:event_wrapper:150 - Handling event ScanCompleted with handle_scan_completed_ui
2026-03-23 13:26:23.993 | INFO     | src.apps.experemental.imgededupe.ui.results_view:load_results:537 - ResultsView: Received 0 relations, extracted 0 unique file IDs.
2026-03-23 13:26:23.993 | INFO     | src.apps.experemental.imgededupe.ui.results_view:load_results:546 - ResultsView: Hydrated 0 files from DB.
2026-03-23 13:26:23.994 | INFO     | src.apps.experemental.imgededupe.ui.results_view:load_results:564 - ResultsView: Built 0 pairs for display (Visible only: True).
Traceback (most recent call last):
  File "D:\github\BCor\src\apps\experemental\imgededupe\tests\ui\test_imgededupe_e2e.py", line 97, in run_e2e
    assert len(results_widget.pairs) >= 2
AssertionError: assert 0 >= 2
 +  where 0 = len([])
 +    where [] = <src.apps.experemental.imgededupe.ui.results_view.ResultsWidget(0x1eb1238cb80) at 0x000001EB2BD2EAC0>.pairs
2026-03-23 13:26:23.998 | INFO     | src.core.system:stop:194 - System stopping...
2026-03-23 13:26:24.005 | INFO     | src.core.messagebus:event_wrapper:150 - Handling event ScanCompleted with handle_trigger_dedupe_on_scan_completed
2026-03-23 13:26:24.005 | INFO     | src.apps.experemental.imgededupe.application.handlers:handle_trigger_dedupe_on_scan_completed:100 - Scan completed. Triggering deduplication with engine phash
2026-03-23 13:26:24.005 | ERROR    | src.core.messagebus:event_wrapper:188 - Isolated failure in event handler handle_trigger_dedupe_on_scan_completed: 
Traceback (most recent call last):

  File "<frozen runpy>", line 198, in _run_module_as_main
  File "<frozen runpy>", line 88, in _run_code

  File "D:\github\BCor\.venv\Scripts\pytest.exe\__main__.py", line 10, in <module>

  File "D:\github\BCor\.venv\Lib\site-packages\_pytest\config\__init__.py", line 223, in console_main
    code = main()
           -> <function main at 0x000001EB0E1CA020>
  File "D:\github\BCor\.venv\Lib\site-packages\_pytest\config\__init__.py", line 199, in main
    ret: ExitCode | int = config.hook.pytest_cmdline_main(config=config)
         |                |      |    |                          -> <_pytest.config.Config object at 0x000001EB0E20FD40>
         |                |      |    -> <HookCaller 'pytest_cmdline_main'>
         |                |      -> <_pytest.config.compat.PathAwareHookProxy object at 0x000001EB0E4C0B90>
         |                -> <_pytest.config.Config object at 0x000001EB0E20FD40>
         -> <enum 'ExitCode'>
  File "D:\github\BCor\.venv\Lib\site-packages\pluggy\_hooks.py", line 512, in __call__
    return self._hookexec(self.name, self._hookimpls.copy(), kwargs, firstresult)
           |    |         |    |     |    |                  |       -> True
           |    |         |    |     |    |                  -> {'config': <_pytest.config.Config object at 0x000001EB0E20FD40>}
           |    |         |    |     |    -> <member '_hookimpls' of 'HookCaller' objects>
           |    |         |    |     -> <HookCaller 'pytest_cmdline_main'>
           |    |         |    -> <member 'name' of 'HookCaller' objects>
           |    |         -> <HookCaller 'pytest_cmdline_main'>
           |    -> <member '_hookexec' of 'HookCaller' objects>
           -> <HookCaller 'pytest_cmdline_main'>
  File "D:\github\BCor\.venv\Lib\site-packages\pluggy\_manager.py", line 120, in _hookexec
    return self._inner_hookexec(hook_name, methods, kwargs, firstresult)
           |    |               |          |        |       -> True
           |    |               |          |        -> {'config': <_pytest.config.Config object at 0x000001EB0E20FD40>}
           |    |               |          -> [<HookImpl plugin_name='main', plugin=<module '_pytest.main' from 'D:\\github\\BCor\\.venv\\Lib\\site-packages\\_pytest\\main...
           |    |               -> 'pytest_cmdline_main'
           |    -> <function _multicall at 0x000001EB0D9802C0>
           -> <_pytest.config.PytestPluginManager object at 0x000001EB0DC998B0>
  File "D:\github\BCor\.venv\Lib\site-packages\pluggy\_callers.py", line 121, in _multicall
    res = hook_impl.function(*args)
          |         |         -> [<_pytest.config.Config object at 0x000001EB0E20FD40>]
          |         -> <member 'function' of 'HookImpl' objects>
          -> <HookImpl plugin_name='main', plugin=<module '_pytest.main' from 'D:\\github\\BCor\\.venv\\Lib\\site-packages\\_pytest\\main....
  File "D:\github\BCor\.venv\Lib\site-packages\_pytest\main.py", line 365, in pytest_cmdline_main
    return wrap_session(config, _main)
           |            |       -> <function _main at 0x000001EB0E283F60>
           |            -> <_pytest.config.Config object at 0x000001EB0E20FD40>
           -> <function wrap_session at 0x000001EB0E283E20>
  File "D:\github\BCor\.venv\Lib\site-packages\_pytest\main.py", line 318, in wrap_session
    session.exitstatus = doit(config, session) or 0
    |       |            |    |       -> <Session  exitstatus=<ExitCode.OK: 0> testsfailed=0 testscollected=1>
    |       |            |    -> <_pytest.config.Config object at 0x000001EB0E20FD40>
    |       |            -> <function _main at 0x000001EB0E283F60>
    |       -> <ExitCode.OK: 0>
    -> <Session  exitstatus=<ExitCode.OK: 0> testsfailed=0 testscollected=1>
  File "D:\github\BCor\.venv\Lib\site-packages\_pytest\main.py", line 372, in _main
    config.hook.pytest_runtestloop(session=session)
    |      |    |                          -> <Session  exitstatus=<ExitCode.OK: 0> testsfailed=0 testscollected=1>
    |      |    -> <HookCaller 'pytest_runtestloop'>
    |      -> <_pytest.config.compat.PathAwareHookProxy object at 0x000001EB0E4C0B90>
    -> <_pytest.config.Config object at 0x000001EB0E20FD40>
  File "D:\github\BCor\.venv\Lib\site-packages\pluggy\_hooks.py", line 512, in __call__
    return self._hookexec(self.name, self._hookimpls.copy(), kwargs, firstresult)
           |    |         |    |     |    |                  |       -> True
           |    |         |    |     |    |                  -> {'session': <Session  exitstatus=<ExitCode.OK: 0> testsfailed=0 testscollected=1>}
           |    |         |    |     |    -> <member '_hookimpls' of 'HookCaller' objects>
           |    |         |    |     -> <HookCaller 'pytest_runtestloop'>
           |    |         |    -> <member 'name' of 'HookCaller' objects>
           |    |         -> <HookCaller 'pytest_runtestloop'>
           |    -> <member '_hookexec' of 'HookCaller' objects>
           -> <HookCaller 'pytest_runtestloop'>
  File "D:\github\BCor\.venv\Lib\site-packages\pluggy\_manager.py", line 120, in _hookexec
    return self._inner_hookexec(hook_name, methods, kwargs, firstresult)
           |    |               |          |        |       -> True
           |    |               |          |        -> {'session': <Session  exitstatus=<ExitCode.OK: 0> testsfailed=0 testscollected=1>}
           |    |               |          -> [<HookImpl plugin_name='main', plugin=<module '_pytest.main' from 'D:\\github\\BCor\\.venv\\Lib\\site-packages\\_pytest\\main...
           |    |               -> 'pytest_runtestloop'
           |    -> <function _multicall at 0x000001EB0D9802C0>
           -> <_pytest.config.PytestPluginManager object at 0x000001EB0DC998B0>
  File "D:\github\BCor\.venv\Lib\site-packages\pluggy\_callers.py", line 121, in _multicall
    res = hook_impl.function(*args)
          |         |         -> [<Session  exitstatus=<ExitCode.OK: 0> testsfailed=0 testscollected=1>]
          |         -> <member 'function' of 'HookImpl' objects>
          -> <HookImpl plugin_name='main', plugin=<module '_pytest.main' from 'D:\\github\\BCor\\.venv\\Lib\\site-packages\\_pytest\\main....
  File "D:\github\BCor\.venv\Lib\site-packages\_pytest\main.py", line 396, in pytest_runtestloop
    item.config.hook.pytest_runtest_protocol(item=item, nextitem=nextitem)
    |    |                                        |              -> None
    |    |                                        -> <Function test_complete_e2e_flow>
    |    -> <member 'config' of 'Node' objects>
    -> <Function test_complete_e2e_flow>
  File "D:\github\BCor\.venv\Lib\site-packages\pluggy\_hooks.py", line 512, in __call__
    return self._hookexec(self.name, self._hookimpls.copy(), kwargs, firstresult)
           |    |         |    |     |    |                  |       -> True
           |    |         |    |     |    |                  -> {'item': <Function test_complete_e2e_flow>, 'nextitem': None}
           |    |         |    |     |    -> <member '_hookimpls' of 'HookCaller' objects>
           |    |         |    |     -> <HookCaller 'pytest_runtest_protocol'>
           |    |         |    -> <member 'name' of 'HookCaller' objects>
           |    |         -> <HookCaller 'pytest_runtest_protocol'>
           |    -> <member '_hookexec' of 'HookCaller' objects>
           -> <HookCaller 'pytest_runtest_protocol'>
  File "D:\github\BCor\.venv\Lib\site-packages\pluggy\_manager.py", line 120, in _hookexec
    return self._inner_hookexec(hook_name, methods, kwargs, firstresult)
           |    |               |          |        |       -> True
           |    |               |          |        -> {'item': <Function test_complete_e2e_flow>, 'nextitem': None}
           |    |               |          -> [<HookImpl plugin_name='runner', plugin=<module '_pytest.runner' from 'D:\\github\\BCor\\.venv\\Lib\\site-packages\\_pytest\\...
           |    |               -> 'pytest_runtest_protocol'
           |    -> <function _multicall at 0x000001EB0D9802C0>
           -> <_pytest.config.PytestPluginManager object at 0x000001EB0DC998B0>
  File "D:\github\BCor\.venv\Lib\site-packages\pluggy\_callers.py", line 121, in _multicall
    res = hook_impl.function(*args)
          |         |         -> [<Function test_complete_e2e_flow>, None]
          |         -> <member 'function' of 'HookImpl' objects>
          -> <HookImpl plugin_name='runner', plugin=<module '_pytest.runner' from 'D:\\github\\BCor\\.venv\\Lib\\site-packages\\_pytest\\r...
  File "D:\github\BCor\.venv\Lib\site-packages\_pytest\runner.py", line 118, in pytest_runtest_protocol
    runtestprotocol(item, nextitem=nextitem)
    |               |              -> None
    |               -> <Function test_complete_e2e_flow>
    -> <function runtestprotocol at 0x000001EB0E283060>
  File "D:\github\BCor\.venv\Lib\site-packages\_pytest\runner.py", line 137, in runtestprotocol
    reports.append(call_and_report(item, "call", log))
    |       |      |               |             -> True
    |       |      |               -> <Function test_complete_e2e_flow>
    |       |      -> <function call_and_report at 0x000001EB0E2834C0>
    |       -> <method 'append' of 'list' objects>
    -> [<TestReport 'src/apps/experemental/imgededupe/tests/ui/test_imgededupe_e2e.py::test_complete_e2e_flow' when='setup' outcome=...
  File "D:\github\BCor\.venv\Lib\site-packages\_pytest\runner.py", line 244, in call_and_report
    call = CallInfo.from_call(
           |        -> <classmethod(<function CallInfo.from_call at 0x000001EB0E283880>)>
           -> <class '_pytest.runner.CallInfo'>
  File "D:\github\BCor\.venv\Lib\site-packages\_pytest\runner.py", line 353, in from_call
    result: TResult | None = func()
            |                -> <function call_and_report.<locals>.<lambda> at 0x000001EB10D16020>
            -> +TResult
  File "D:\github\BCor\.venv\Lib\site-packages\_pytest\runner.py", line 245, in <lambda>
    lambda: runtest_hook(item=item, **kwds),
            |                 |       -> {}
            |                 -> <Function test_complete_e2e_flow>
            -> <HookCaller 'pytest_runtest_call'>
  File "D:\github\BCor\.venv\Lib\site-packages\pluggy\_hooks.py", line 512, in __call__
    return self._hookexec(self.name, self._hookimpls.copy(), kwargs, firstresult)
           |    |         |    |     |    |                  |       -> False
           |    |         |    |     |    |                  -> {'item': <Function test_complete_e2e_flow>}
           |    |         |    |     |    -> <member '_hookimpls' of 'HookCaller' objects>
           |    |         |    |     -> <HookCaller 'pytest_runtest_call'>
           |    |         |    -> <member 'name' of 'HookCaller' objects>
           |    |         -> <HookCaller 'pytest_runtest_call'>
           |    -> <member '_hookexec' of 'HookCaller' objects>
           -> <HookCaller 'pytest_runtest_call'>
  File "D:\github\BCor\.venv\Lib\site-packages\pluggy\_manager.py", line 120, in _hookexec
    return self._inner_hookexec(hook_name, methods, kwargs, firstresult)
           |    |               |          |        |       -> False
           |    |               |          |        -> {'item': <Function test_complete_e2e_flow>}
           |    |               |          -> [<HookImpl plugin_name='threadexception', plugin=<module '_pytest.threadexception' from 'D:\\github\\BCor\\.venv\\Lib\\site-p...
           |    |               -> 'pytest_runtest_call'
           |    -> <function _multicall at 0x000001EB0D9802C0>
           -> <_pytest.config.PytestPluginManager object at 0x000001EB0DC998B0>
  File "D:\github\BCor\.venv\Lib\site-packages\pluggy\_callers.py", line 121, in _multicall
    res = hook_impl.function(*args)
          |         |         -> [<Function test_complete_e2e_flow>]
          |         -> <member 'function' of 'HookImpl' objects>
          -> <HookImpl plugin_name='runner', plugin=<module '_pytest.runner' from 'D:\\github\\BCor\\.venv\\Lib\\site-packages\\_pytest\\r...
  File "D:\github\BCor\.venv\Lib\site-packages\_pytest\runner.py", line 179, in pytest_runtest_call
    item.runtest()
    |    -> <function Function.runtest at 0x000001EB0E397C40>
    -> <Function test_complete_e2e_flow>
  File "D:\github\BCor\.venv\Lib\site-packages\_pytest\python.py", line 1720, in runtest
    self.ihook.pytest_pyfunc_call(pyfuncitem=self)
    |    |                                   -> <Function test_complete_e2e_flow>
    |    -> <property object at 0x000001EB0E1F8C20>
    -> <Function test_complete_e2e_flow>
  File "D:\github\BCor\.venv\Lib\site-packages\pluggy\_hooks.py", line 512, in __call__
    return self._hookexec(self.name, self._hookimpls.copy(), kwargs, firstresult)
           |    |         |    |     |    |                  |       -> True
           |    |         |    |     |    |                  -> {'pyfuncitem': <Function test_complete_e2e_flow>}
           |    |         |    |     |    -> <member '_hookimpls' of 'HookCaller' objects>
           |    |         |    |     -> <HookCaller 'pytest_pyfunc_call'>
           |    |         |    -> <member 'name' of 'HookCaller' objects>
           |    |         -> <HookCaller 'pytest_pyfunc_call'>
           |    -> <member '_hookexec' of 'HookCaller' objects>
           -> <HookCaller 'pytest_pyfunc_call'>
  File "D:\github\BCor\.venv\Lib\site-packages\pluggy\_manager.py", line 120, in _hookexec
    return self._inner_hookexec(hook_name, methods, kwargs, firstresult)
           |    |               |          |        |       -> True
           |    |               |          |        -> {'pyfuncitem': <Function test_complete_e2e_flow>}
           |    |               |          -> [<HookImpl plugin_name='python', plugin=<module '_pytest.python' from 'D:\\github\\BCor\\.venv\\Lib\\site-packages\\_pytest\\...
           |    |               -> 'pytest_pyfunc_call'
           |    -> <function _multicall at 0x000001EB0D9802C0>
           -> <_pytest.config.PytestPluginManager object at 0x000001EB0DC998B0>
  File "D:\github\BCor\.venv\Lib\site-packages\pluggy\_callers.py", line 121, in _multicall
    res = hook_impl.function(*args)
          |         |         -> [<Function test_complete_e2e_flow>]
          |         -> <member 'function' of 'HookImpl' objects>
          -> <HookImpl plugin_name='python', plugin=<module '_pytest.python' from 'D:\\github\\BCor\\.venv\\Lib\\site-packages\\_pytest\\p...
  File "D:\github\BCor\.venv\Lib\site-packages\_pytest\python.py", line 166, in pytest_pyfunc_call
    result = testfunction(**testargs)
             |              -> {'qtbot': <pytestqt.qtbot.QtBot object at 0x000001EB2B68A9F0>, 'qapp': <PySide6.QtWidgets.QApplication(0x1eb11cd6c50) at 0x00...
             -> <function test_complete_e2e_flow at 0x000001EB2B6D19E0>

  File "D:\github\BCor\src\apps\experemental\imgededupe\tests\ui\test_imgededupe_e2e.py", line 134, in test_complete_e2e_flow
    loop.run_until_complete(run_e2e())
    |    |                  -> <function test_complete_e2e_flow.<locals>.run_e2e at 0x000001EB2BCFD3A0>
    |    -> <function _QEventLoop.run_until_complete at 0x000001EB10F33CE0>
    -> <QIOCPEventLoop running=True closed=False debug=False>

  File "D:\github\BCor\.venv\Lib\site-packages\qasync\__init__.py", line 428, in run_until_complete
    self.run_forever()
    |    -> <function _QEventLoop.run_forever at 0x000001EB10F33C40>
    -> <QIOCPEventLoop running=True closed=False debug=False>
  File "D:\github\BCor\.venv\Lib\site-packages\qasync\__init__.py", line 404, in run_forever
    rslt = self.__app.exec()
           -> <QIOCPEventLoop running=True closed=False debug=False>
  File "D:\github\BCor\.venv\Lib\site-packages\qasync\__init__.py", line 307, in timerEvent
    handle._run()
    |      -> <function Handle._run at 0x000001EB0E959BC0>
    -> <Handle <_asyncio.TaskStepMethWrapper object at 0x000001EB2F312B90>()>
  File "C:\Users\User\AppData\Roaming\uv\python\cpython-3.12.9-windows-x86_64-none\Lib\asyncio\events.py", line 88, in _run
    self._context.run(self._callback, *self._args)
    |    |            |    |           |    -> <member '_args' of 'Handle' objects>
    |    |            |    |           -> <Handle <_asyncio.TaskStepMethWrapper object at 0x000001EB2F312B90>()>
    |    |            |    -> <member '_callback' of 'Handle' objects>
    |    |            -> <Handle <_asyncio.TaskStepMethWrapper object at 0x000001EB2F312B90>()>
    |    -> <member '_context' of 'Handle' objects>
    -> <Handle <_asyncio.TaskStepMethWrapper object at 0x000001EB2F312B90>()>

> File "D:\github\BCor\src\core\messagebus.py", line 181, in event_wrapper
    await handler(event, **kwargs)
          |       |        -> {'bus': <src.core.messagebus.MessageBus object at 0x000001EB2BCEF890>, 'session': <src.apps.experemental.imgededupe.core.scan...
          |       -> ScanCompleted(event_type='ScanCompleted', event_schema='src.apps.experemental.imgededupe.application.messages.ScanCompleted@1...
          -> <function handle_trigger_dedupe_on_scan_completed at 0x000001EB2BCFDE40>

  File "D:\github\BCor\src\apps\experemental\imgededupe\application\handlers.py", line 101, in handle_trigger_dedupe_on_scan_completed
    await bus.dispatch(StartDeduplicationCommand(
          |   |        -> <class 'src.apps.experemental.imgededupe.application.messages.StartDeduplicationCommand'>
          |   -> <function MessageBus.dispatch at 0x000001EB12D44F40>
          -> <src.core.messagebus.MessageBus object at 0x000001EB2BCEF890>

  File "D:\github\BCor\src\core\messagebus.py", line 207, in dispatch
    await self.bus.dispatch(message)
          |    |   |        -> StartDeduplicationCommand(event_type='StartDeduplicationCommand', event_schema='src.apps.experemental.imgededupe.application....
          |    |   -> <function EventBus.dispatch at 0x000001EB11B32980>
          |    -> EventBus_6578c85e\U0001f7e2(\u23f3 0 | \u25b6\ufe0f 2 | \u2705 1 \u27a1\ufe0f 7 \U0001f442)
          -> <src.core.messagebus.MessageBus object at 0x000001EB2BCEF890>

  File "D:\github\BCor\.venv\Lib\site-packages\bubus\service.py", line 565, in dispatch
    self.event_queue.put_nowait(event)
    |    |           |          -> StartDeduplicationCommand(event_type='StartDeduplicationCommand', event_schema='src.apps.experemental.imgededupe.application....
    |    |           -> <function CleanShutdownQueue.put_nowait at 0x000001EB11B31A80>
    |    -> <CleanShutdownQueue at 0x1eb2bd32330 maxsize=50 tasks=2>
    -> EventBus_6578c85e\U0001f7e2(\u23f3 0 | \u25b6\ufe0f 2 | \u2705 1 \u27a1\ufe0f 7 \U0001f442)
  File "D:\github\BCor\.venv\Lib\site-packages\bubus\service.py", line 127, in put_nowait
    raise QueueShutDown
          -> <class 'bubus.service.QueueShutDown'>

bubus.service.QueueShutDown
2026-03-23 13:26:24.097 | INFO     | src.core.system:stop:199 - System stopped
src/apps/experemental/imgededupe/tests/ui/test_imgededupe_e2e.py::test_complete_e2e_flow Waiting for results view (Index 2)...
Results view reached. Checking pairs...
Error during E2E test: assert 0 >= 2
 +  where 0 = len([])
 +    where [] = <src.apps.experemental.imgededupe.ui.results_view.ResultsWidget(0x1eb1238cb80) at 0x000001EB2BD2EAC0>.pairs
Stopping system...
